 Elapsed time for helper construction 0.105834 (sec) 
 Elapsed time for init 0.0009389999999999999 (sec) 
 Elapsed time for makeQChamDiagTerms 1.254693 (sec) 
 Davidson iteration 0.0 (tol=0.8250743989593438): -108.8352365707746
 Davidson iteration 0.1 (tol=0.3522012427040194): -109.018630656333 -106.0706121860932
 Davidson iteration 0.2 (tol=0.1176011311926552): -109.0452250714539 -106.4447324025464 -104.8785453878399
 Davidson iteration 0.3 (tol=0.03765509915827916): -109.0480057325576 -106.7918712678123 -105.4382098582407 -103.8214038471232
 Davidson iteration 0.4 (tol=0.01457612877277502): -109.048302327032 -107.2689887700144 -105.7645258886273 -104.6824083520445
 Davidson iteration 0.5 (tol=0.005196598069674854): -109.0483469547726 -107.6337387469951 -106.1579771311421 -104.7491070505331
 Davidson iteration 0.6 (tol=0.001731844622072319): -109.0483521131038 -107.8265352611318 -106.4163684992428 -105.1478268169464
 Davidson iteration 0.7 (tol=0.0005810390788362886): -109.0483526271924 -107.9165757817632 -106.5804359373572 -105.5290628392057
 Davidson iteration 0.8 (tol=0.0001941354056335904): -109.0483526867593 -107.9573917295528 -106.8535018183583 -105.7245632938913
 Davidson iteration 0.9 (tol=6.936151227317458e-05): -109.0483526935729 -107.9817723684833 -107.1958487355676 -106.0494006543776
 Davidson iteration 1.0 (tol=6.936151226876655e-05): -109.0483526935736
 Davidson iteration 1.1 (tol=2.845187395868647e-05): -109.0483526943973 -105.0276377998956
 Davidson iteration 1.2 (tol=1.279069380239597e-05): -109.0483526946146 -107.2321232616113 -103.178633222131
 Davidson iteration 1.3 (tol=5.001242140080488e-06): -109.0483526946459 -107.8115368222521 -103.7575643359528 -102.5023847755721
 Davidson iteration 1.4 (tol=1.634783948287125e-06): -109.0483526946503 -108.0055587479294 -104.5235884027839 -103.6132943265684
 Davidson iteration 1.5 (tol=6.123752451615183e-07): -109.0483526946508 -108.0832586082986 -105.6859013057531 -104.4007713870097
 Davidson iteration 1.6 (tol=2.631519841204604e-07): -109.0483526946509 -108.1124010781585 -106.6944991597994 -104.6887155454531
 Davidson iteration 1.7 (tol=9.934952152885371e-08): -109.0483526946509 -108.1283649477627 -107.1995936367177 -105.2157376201008
 Davidson iteration 1.8 (tol=3.457733376731796e-08): -109.0483526946509 -108.1392204067073 -107.4745915343339 -105.835668613294
 Davidson iteration 1.9 (tol=1.023668663764719e-08): -109.0483526946509 -108.1434778792296 -107.6056273076843 -105.8419381705385
 Davidson iteration 2.0 (tol=1.023675584562978e-08): -109.0483526946499
 Davidson iteration 2.1 (tol=3.627682752085997e-09): -109.0483526946499 -104.7758335362847
 Elapsed time for davidson 647.572331 (sec) 
 Elapsed time for diagonalization 647.572333 (sec) 
 Elapsed time for mult 29.381541 (sec) 
 Energy = -109.0483526946502
 Elapsed time for measurement 0.016571 (sec) 
 Sample-based diagonalization: Energy = -109.0483526946502
 Sample-based diagonalization: density = [1.999942202198521,1.999946824228987,1.988480783242526,1.972639613102588,1.942053712044661,1.942053712044664,1.978643546593629,0.04948230174460701,0.0494823017446081,0.006406184588149019,0.00448813898148668,0.006731626571260328,0.006731626571260458,0.01269962361559484,0.01047530244998082,0.01047530244998098,0.01059628004845556,0.008670917778834112
 Sample-based diagonalization: carryover bitstrings = [], size = 0
