 Elapsed time for helper construction 0.002937 (sec) 
 Elapsed time for init 1e-06 (sec) 
 Elapsed time for makeQChamDiagTerms 0.000323 (sec) 
 Davidson iteration 0.0 (tol=0.3219933898981592): -108.8677463469512
 Davidson iteration 0.1 (tol=0.07932352676702732): -108.941793639092 -107.4800327482587
 Davidson iteration 0.2 (tol=0.00896199613629123): -108.9461631882747 -107.875877713626 -107.2039376416276
 Davidson iteration 0.3 (tol=0.001734805723026169): -108.946245644285 -108.1776438705543 -107.7746894280189 -107.1523137457526
 Davidson iteration 0.4 (tol=0.0002952275495027887): -108.9462478305902 -108.2744541644412 -107.7752282750117 -107.5695151910655
 Davidson iteration 0.5 (tol=7.535805490703333e-05): -108.9462479089724 -108.3052170061906 -108.048525623212 -107.7700046177766
 Davidson iteration 0.6 (tol=1.178304471520765e-05): -108.9462479135973 -108.3386994735648 -108.2161359355086 -107.7754035476739
 Davidson iteration 0.7 (tol=6.63410963984913e-07): -108.9462479136907 -108.3474961996903 -108.2535792558685 -107.8375295122
 Davidson iteration 0.8 (tol=7.52501932794313e-08): -108.9462479136911 -108.3477442667286 -108.2557869291357 -107.8664864322105
 Davidson iteration 0.9 (tol=6.044315161006664e-09): -108.9462479136911 -108.3477442790393 -108.2561651666636 -107.8774565311497
 Elapsed time for davidson 0.044977 (sec) 
 Elapsed time for diagonalization 0.044979 (sec) 
 Elapsed time for mult 0.003205 (sec) 
 Energy = -108.9462479136911
 Elapsed time for measurement 0.000156 (sec) 
 Sample-based diagonalization: Energy = -108.9462479136911
 Sample-based diagonalization: density = [1.993755815339348,1.941276584707328,1.941194189915687,0.06127857793122847,0.06113990705557751,0.001354925050831657
 Sample-based diagonalization: carryover bitstrings = [], size = 0
