 Elapsed time for helper construction 0.003059 (sec) 
 Elapsed time for init 0 (sec) 
 Elapsed time for makeQChamDiagTerms 0.000115 (sec) 
 Davidson iteration 0.0 (tol=0.3230885757429143): -108.8677463469512
 Davidson iteration 0.1 (tol=0.08346033523022407): -108.9419967922368 -107.4754462324708
 Davidson iteration 0.2 (tol=0.01333562918211495): -108.9465903968685 -107.8524210438445 -107.1531670255125
 Davidson iteration 0.3 (tol=0.003429040760042264): -108.9467018660166 -108.0214706865849 -107.575024045986 -106.9233471220846
 Davidson iteration 0.4 (tol=0.0005901551823008959): -108.9467094904731 -108.2304617546181 -107.7425924407074 -107.1660497430991
 Davidson iteration 0.5 (tol=0.000101934147794619): -108.9467097500413 -108.2913085672673 -107.8367027037665 -107.5849581979418
 Davidson iteration 0.6 (tol=2.125922732703391e-05): -108.9467097602535 -108.3275347075709 -108.1756510704749 -107.6985769212176
 Davidson iteration 0.7 (tol=1.557437513666742e-06): -108.9467097605118 -108.3440670199355 -108.2454281777387 -107.841311933329
 Davidson iteration 0.8 (tol=1.718044085454172e-07): -108.9467097605127 -108.3447487542995 -108.2499200324078 -107.8506667107804
 Davidson iteration 0.9 (tol=1.407563801436027e-08): -108.9467097605127 -108.3448964023699 -108.2516174485932 -107.8808997067249
 Davidson iteration 0.10 (tol=1.215799338415729e-09): -108.9467097605127 -108.3449635774909 -108.253289863148 -107.8819219736666
 Elapsed time for davidson 0.032015 (sec) 
 Elapsed time for diagonalization 0.032019 (sec) 
 Elapsed time for mult 0.000655 (sec) 
 Energy = -108.9467097605128
 Elapsed time for measurement 0.00019 (sec) 
 Sample-based diagonalization: Energy = -108.9467097605128
 Sample-based diagonalization: density = [1.993288408746186,1.940970011808776,1.940959100329263,0.06156498510693588,0.06158010539604122,0.001637388612798422
 Sample-based diagonalization: carryover bitstrings = [], size = 0
